Analysis & Synthesis report for 8bitCPU
Sun Jan 25 19:23:10 2026
Quartus Prime Version 24.1std.0 Build 1077 03/04/2025 SC Lite Edition


---------------------
; Table of Contents ;
---------------------
  1. Legal Notice
  2. Analysis & Synthesis Summary
  3. Analysis & Synthesis Settings
  4. Parallel Compilation
  5. Analysis & Synthesis Source Files Read
  6. Analysis & Synthesis Resource Usage Summary
  7. Analysis & Synthesis Resource Utilization by Entity
  8. Registers Removed During Synthesis
  9. General Register Statistics
 10. Multiplexer Restructuring Statistics (Restructuring Performed)
 11. Post-Synthesis Netlist Statistics for Top Partition
 12. Elapsed Time Per Partition
 13. Analysis & Synthesis Messages
 14. Analysis & Synthesis Suppressed Messages



----------------
; Legal Notice ;
----------------
Copyright (C) 2025  Altera Corporation. All rights reserved.
Your use of Altera Corporation's design tools, logic functions 
and other software and tools, and any partner logic 
functions, and any output files from any of the foregoing 
(including device programming or simulation files), and any 
associated documentation or information are expressly subject 
to the terms and conditions of the Altera Program License 
Subscription Agreement, the Altera Quartus Prime License Agreement,
the Altera IP License Agreement, or other applicable license
agreement, including, without limitation, that your use is for
the sole purpose of programming logic devices manufactured by
Altera and sold by Altera or its authorized distributors.  Please
refer to the Altera Software License Subscription Agreements 
on the Quartus Prime software download page.



+--------------------------------------------------------------------------------------+
; Analysis & Synthesis Summary                                                         ;
+------------------------------------+-------------------------------------------------+
; Analysis & Synthesis Status        ; Successful - Sun Jan 25 19:23:09 2026           ;
; Quartus Prime Version              ; 24.1std.0 Build 1077 03/04/2025 SC Lite Edition ;
; Revision Name                      ; 8bitCPU                                         ;
; Top-level Entity Name              ; Top                                             ;
; Family                             ; MAX 10                                          ;
; Total logic elements               ; 15,989                                          ;
;     Total combinational functions  ; 7,737                                           ;
;     Dedicated logic registers      ; 8,403                                           ;
; Total registers                    ; 8403                                            ;
; Total pins                         ; 17                                              ;
; Total virtual pins                 ; 0                                               ;
; Total memory bits                  ; 0                                               ;
; Embedded Multiplier 9-bit elements ; 0                                               ;
; Total PLLs                         ; 0                                               ;
; UFM blocks                         ; 0                                               ;
; ADC blocks                         ; 0                                               ;
+------------------------------------+-------------------------------------------------+


+------------------------------------------------------------------------------------------------------------+
; Analysis & Synthesis Settings                                                                              ;
+------------------------------------------------------------------+--------------------+--------------------+
; Option                                                           ; Setting            ; Default Value      ;
+------------------------------------------------------------------+--------------------+--------------------+
; Device                                                           ; 10M50DAF484C6GES   ;                    ;
; Top-level entity name                                            ; Top                ; 8bitCPU            ;
; Family name                                                      ; MAX 10             ; Cyclone V          ;
; Use smart compilation                                            ; Off                ; Off                ;
; Enable parallel Assembler and Timing Analyzer during compilation ; On                 ; On                 ;
; Enable compact report table                                      ; Off                ; Off                ;
; Restructure Multiplexers                                         ; Auto               ; Auto               ;
; Create Debugging Nodes for IP Cores                              ; Off                ; Off                ;
; Preserve fewer node names                                        ; On                 ; On                 ;
; Intel FPGA IP Evaluation Mode                                    ; Enable             ; Enable             ;
; Verilog Version                                                  ; Verilog_2001       ; Verilog_2001       ;
; VHDL Version                                                     ; VHDL_1993          ; VHDL_1993          ;
; State Machine Processing                                         ; Auto               ; Auto               ;
; Safe State Machine                                               ; Off                ; Off                ;
; Extract Verilog State Machines                                   ; On                 ; On                 ;
; Extract VHDL State Machines                                      ; On                 ; On                 ;
; Ignore Verilog initial constructs                                ; Off                ; Off                ;
; Iteration limit for constant Verilog loops                       ; 5000               ; 5000               ;
; Iteration limit for non-constant Verilog loops                   ; 250                ; 250                ;
; Add Pass-Through Logic to Inferred RAMs                          ; On                 ; On                 ;
; Infer RAMs from Raw Logic                                        ; On                 ; On                 ;
; Parallel Synthesis                                               ; On                 ; On                 ;
; DSP Block Balancing                                              ; Auto               ; Auto               ;
; NOT Gate Push-Back                                               ; On                 ; On                 ;
; Power-Up Don't Care                                              ; On                 ; On                 ;
; Remove Redundant Logic Cells                                     ; Off                ; Off                ;
; Remove Duplicate Registers                                       ; On                 ; On                 ;
; Ignore CARRY Buffers                                             ; Off                ; Off                ;
; Ignore CASCADE Buffers                                           ; Off                ; Off                ;
; Ignore GLOBAL Buffers                                            ; Off                ; Off                ;
; Ignore ROW GLOBAL Buffers                                        ; Off                ; Off                ;
; Ignore LCELL Buffers                                             ; Off                ; Off                ;
; Ignore SOFT Buffers                                              ; On                 ; On                 ;
; Limit AHDL Integers to 32 Bits                                   ; Off                ; Off                ;
; Optimization Technique                                           ; Balanced           ; Balanced           ;
; Carry Chain Length                                               ; 70                 ; 70                 ;
; Auto Carry Chains                                                ; On                 ; On                 ;
; Auto Open-Drain Pins                                             ; On                 ; On                 ;
; Perform WYSIWYG Primitive Resynthesis                            ; Off                ; Off                ;
; Auto ROM Replacement                                             ; On                 ; On                 ;
; Auto RAM Replacement                                             ; On                 ; On                 ;
; Auto DSP Block Replacement                                       ; On                 ; On                 ;
; Auto Shift Register Replacement                                  ; Auto               ; Auto               ;
; Allow Shift Register Merging across Hierarchies                  ; Auto               ; Auto               ;
; Auto Clock Enable Replacement                                    ; On                 ; On                 ;
; Strict RAM Replacement                                           ; Off                ; Off                ;
; Allow Synchronous Control Signals                                ; On                 ; On                 ;
; Force Use of Synchronous Clear Signals                           ; Off                ; Off                ;
; Auto RAM Block Balancing                                         ; On                 ; On                 ;
; Auto RAM to Logic Cell Conversion                                ; Off                ; Off                ;
; Auto Resource Sharing                                            ; Off                ; Off                ;
; Allow Any RAM Size For Recognition                               ; Off                ; Off                ;
; Allow Any ROM Size For Recognition                               ; Off                ; Off                ;
; Allow Any Shift Register Size For Recognition                    ; Off                ; Off                ;
; Use LogicLock Constraints during Resource Balancing              ; On                 ; On                 ;
; Ignore translate_off and synthesis_off directives                ; Off                ; Off                ;
; Timing-Driven Synthesis                                          ; On                 ; On                 ;
; Report Parameter Settings                                        ; On                 ; On                 ;
; Report Source Assignments                                        ; On                 ; On                 ;
; Report Connectivity Checks                                       ; On                 ; On                 ;
; Ignore Maximum Fan-Out Assignments                               ; Off                ; Off                ;
; Synchronization Register Chain Length                            ; 2                  ; 2                  ;
; Power Optimization During Synthesis                              ; Normal compilation ; Normal compilation ;
; HDL message level                                                ; Level2             ; Level2             ;
; Suppress Register Optimization Related Messages                  ; Off                ; Off                ;
; Number of Removed Registers Reported in Synthesis Report         ; 5000               ; 5000               ;
; Number of Swept Nodes Reported in Synthesis Report               ; 5000               ; 5000               ;
; Number of Inverted Registers Reported in Synthesis Report        ; 100                ; 100                ;
; Clock MUX Protection                                             ; On                 ; On                 ;
; Auto Gated Clock Conversion                                      ; Off                ; Off                ;
; Block Design Naming                                              ; Auto               ; Auto               ;
; SDC constraint protection                                        ; Off                ; Off                ;
; Synthesis Effort                                                 ; Auto               ; Auto               ;
; Shift Register Replacement - Allow Asynchronous Clear Signal     ; On                 ; On                 ;
; Pre-Mapping Resynthesis Optimization                             ; Off                ; Off                ;
; Analysis & Synthesis Message Level                               ; Medium             ; Medium             ;
; Disable Register Merging Across Hierarchies                      ; Auto               ; Auto               ;
; Resource Aware Inference For Block RAM                           ; On                 ; On                 ;
+------------------------------------------------------------------+--------------------+--------------------+


+------------------------------------------+
; Parallel Compilation                     ;
+----------------------------+-------------+
; Processors                 ; Number      ;
+----------------------------+-------------+
; Number detected on machine ; 8           ;
; Maximum allowed            ; 4           ;
;                            ;             ;
; Average used               ; 1.01        ;
; Maximum used               ; 4           ;
;                            ;             ;
; Usage by Processor         ; % Time Used ;
;     Processor 1            ; 100.0%      ;
;     Processor 2            ;   0.2%      ;
;     Processor 3            ;   0.2%      ;
;     Processor 4            ;   0.2%      ;
+----------------------------+-------------+


+---------------------------------------------------------------------------------------------------------------------------------------------------------+
; Analysis & Synthesis Source Files Read                                                                                                                  ;
+----------------------------------+-----------------+------------------------------+-----------------------------------------------------------+---------+
; File Name with User-Entered Path ; Used in Netlist ; File Type                    ; File Name with Absolute Path                              ; Library ;
+----------------------------------+-----------------+------------------------------+-----------------------------------------------------------+---------+
; Top.sv                           ; yes             ; User SystemVerilog HDL File  ; C:/Users/levia/Documents/8bitCPU/HDL/Top.sv               ;         ;
; testcode/swtoled.bin             ; yes             ; Auto-Found Unspecified File  ; C:/Users/levia/Documents/8bitCPU/HDL/testcode/swtoled.bin ;         ;
+----------------------------------+-----------------+------------------------------+-----------------------------------------------------------+---------+


+-------------------------------------------------------------------+
; Analysis & Synthesis Resource Usage Summary                       ;
+---------------------------------------------+---------------------+
; Resource                                    ; Usage               ;
+---------------------------------------------+---------------------+
; Estimated Total logic elements              ; 15,989              ;
;                                             ;                     ;
; Total combinational functions               ; 7737                ;
; Logic element usage by number of LUT inputs ;                     ;
;     -- 4 input functions                    ; 6150                ;
;     -- 3 input functions                    ; 1378                ;
;     -- <=2 input functions                  ; 209                 ;
;                                             ;                     ;
; Logic elements by mode                      ;                     ;
;     -- normal mode                          ; 7521                ;
;     -- arithmetic mode                      ; 216                 ;
;                                             ;                     ;
; Total registers                             ; 8403                ;
;     -- Dedicated logic registers            ; 8403                ;
;     -- I/O registers                        ; 0                   ;
;                                             ;                     ;
; I/O pins                                    ; 17                  ;
;                                             ;                     ;
; Embedded Multiplier 9-bit elements          ; 0                   ;
;                                             ;                     ;
; Maximum fan-out node                        ; MAX10_CLK1_50~input ;
; Maximum fan-out                             ; 8403                ;
; Total fan-out                               ; 54431               ;
; Average fan-out                             ; 3.37                ;
+---------------------------------------------+---------------------+


+------------------------------------------------------------------------------------------------------------------------------------------------------------------------------------------------------------------------------------+
; Analysis & Synthesis Resource Utilization by Entity                                                                                                                                                                                ;
+----------------------------+---------------------+---------------------------+-------------+------------+--------------+---------+-----------+------+--------------+------------+---------------------+-------------+--------------+
; Compilation Hierarchy Node ; Combinational ALUTs ; Dedicated Logic Registers ; Memory Bits ; UFM Blocks ; DSP Elements ; DSP 9x9 ; DSP 18x18 ; Pins ; Virtual Pins ; ADC blocks ; Full Hierarchy Name ; Entity Name ; Library Name ;
+----------------------------+---------------------+---------------------------+-------------+------------+--------------+---------+-----------+------+--------------+------------+---------------------+-------------+--------------+
; |Top                       ; 7737 (7737)         ; 8403 (8403)               ; 0           ; 0          ; 0            ; 0       ; 0         ; 17   ; 0            ; 0          ; |Top                ; Top         ; work         ;
+----------------------------+---------------------+---------------------------+-------------+------------+--------------+---------+-----------+------+--------------+------------+---------------------+-------------+--------------+
Note: For table entries with two numbers listed, the numbers in parentheses indicate the number of resources of the given type used by the specific entity alone. The numbers listed outside of parentheses indicate the total resources of the given type used by the specific entity and all of its sub-entities in the hierarchy.


+--------------------------------------------------------------------------------+
; Registers Removed During Synthesis                                             ;
+---------------------------------------+----------------------------------------+
; Register name                         ; Reason for Removal                     ;
+---------------------------------------+----------------------------------------+
; keyInt                                ; Stuck at GND due to stuck port data_in ;
; timer2Int                             ; Stuck at GND due to stuck port data_in ;
; timer1Int                             ; Stuck at GND due to stuck port data_in ;
; Total Number of Removed Registers = 3 ;                                        ;
+---------------------------------------+----------------------------------------+


+------------------------------------------------------+
; General Register Statistics                          ;
+----------------------------------------------+-------+
; Statistic                                    ; Value ;
+----------------------------------------------+-------+
; Total registers                              ; 8403  ;
; Number of registers using Synchronous Clear  ; 0     ;
; Number of registers using Synchronous Load   ; 47    ;
; Number of registers using Asynchronous Clear ; 0     ;
; Number of registers using Asynchronous Load  ; 0     ;
; Number of registers using Clock Enable       ; 8393  ;
; Number of registers using Preset             ; 0     ;
+----------------------------------------------+-------+


+------------------------------------------------------------------------------------------------------------------------------------------+
; Multiplexer Restructuring Statistics (Restructuring Performed)                                                                           ;
+--------------------+-----------+---------------+----------------------+------------------------+------------+----------------------------+
; Multiplexer Inputs ; Bus Width ; Baseline Area ; Area if Restructured ; Saving if Restructured ; Registered ; Example Multiplexer Output ;
+--------------------+-----------+---------------+----------------------+------------------------+------------+----------------------------+
; 3:1                ; 16 bits   ; 32 LEs        ; 16 LEs               ; 16 LEs                 ; Yes        ; |Top|IRA[9]                ;
; 3:1                ; 8 bits    ; 16 LEs        ; 8 LEs                ; 8 LEs                  ; Yes        ; |Top|dout[5]               ;
; 52:1               ; 8 bits    ; 272 LEs       ; 8 LEs                ; 264 LEs                ; Yes        ; |Top|RA[15]                ;
; 113:1              ; 16 bits   ; 1200 LEs      ; 32 LEs               ; 1168 LEs               ; Yes        ; |Top|SP[7]                 ;
; 100:1              ; 8 bits    ; 528 LEs       ; 8 LEs                ; 520 LEs                ; Yes        ; |Top|RA[2]                 ;
; 67:1               ; 8 bits    ; 352 LEs       ; 16 LEs               ; 336 LEs                ; Yes        ; |Top|R[3][6]               ;
; 67:1               ; 8 bits    ; 352 LEs       ; 16 LEs               ; 336 LEs                ; Yes        ; |Top|R[2][5]               ;
; 67:1               ; 8 bits    ; 352 LEs       ; 16 LEs               ; 336 LEs                ; Yes        ; |Top|R[1][5]               ;
; 67:1               ; 8 bits    ; 352 LEs       ; 16 LEs               ; 336 LEs                ; Yes        ; |Top|R[0][6]               ;
; 105:1              ; 15 bits   ; 1050 LEs      ; 60 LEs               ; 990 LEs                ; Yes        ; |Top|PC[4]                 ;
; 4:1                ; 8 bits    ; 16 LEs        ; 16 LEs               ; 0 LEs                  ; No         ; |Top|Mux9                  ;
; 1:1                ; 3 bits    ; 0 LEs         ; 0 LEs                ; 0 LEs                  ; No         ; |Top|Add0                  ;
; 1:1                ; 4 bits    ; 0 LEs         ; 0 LEs                ; 0 LEs                  ; No         ; |Top|Add0                  ;
; 14:1               ; 2 bits    ; 18 LEs        ; 12 LEs               ; 6 LEs                  ; No         ; |Top|ALUout[5]             ;
; 14:1               ; 2 bits    ; 18 LEs        ; 12 LEs               ; 6 LEs                  ; No         ; |Top|ALUout[3]             ;
; 15:1               ; 2 bits    ; 20 LEs        ; 16 LEs               ; 4 LEs                  ; No         ; |Top|ALUout[7]             ;
; 15:1               ; 2 bits    ; 20 LEs        ; 16 LEs               ; 4 LEs                  ; No         ; |Top|ALUout[0]             ;
; 6:1                ; 16 bits   ; 64 LEs        ; 48 LEs               ; 16 LEs                 ; No         ; |Top|RAM.raddr_a[7]        ;
; 38:1               ; 6 bits    ; 150 LEs       ; 48 LEs               ; 102 LEs                ; No         ; |Top|din[4]                ;
+--------------------+-----------+---------------+----------------------+------------------------+------------+----------------------------+


+-----------------------------------------------------+
; Post-Synthesis Netlist Statistics for Top Partition ;
+-----------------------+-----------------------------+
; Type                  ; Count                       ;
+-----------------------+-----------------------------+
; boundary_port         ; 17                          ;
; cycloneiii_ff         ; 8403                        ;
;     ENA               ; 8346                        ;
;     ENA SLD           ; 47                          ;
;     plain             ; 10                          ;
; cycloneiii_lcell_comb ; 7737                        ;
;     arith             ; 216                         ;
;         2 data inputs ; 90                          ;
;         3 data inputs ; 126                         ;
;     normal            ; 7521                        ;
;         1 data inputs ; 39                          ;
;         2 data inputs ; 80                          ;
;         3 data inputs ; 1252                        ;
;         4 data inputs ; 6150                        ;
;                       ;                             ;
; Max LUT depth         ; 18.00                       ;
; Average LUT depth     ; 11.14                       ;
+-----------------------+-----------------------------+


+-------------------------------+
; Elapsed Time Per Partition    ;
+----------------+--------------+
; Partition Name ; Elapsed Time ;
+----------------+--------------+
; Top            ; 00:00:23     ;
+----------------+--------------+


+-------------------------------+
; Analysis & Synthesis Messages ;
+-------------------------------+
Info: *******************************************************************
Info: Running Quartus Prime Analysis & Synthesis
    Info: Version 24.1std.0 Build 1077 03/04/2025 SC Lite Edition
    Info: Processing started: Sun Jan 25 19:22:35 2026
Info: Command: quartus_map --read_settings_files=on --write_settings_files=off 8bitCPU -c 8bitCPU
Warning (18236): Number of processors has not been specified which may cause overloading on shared machines.  Set the global assignment NUM_PARALLEL_PROCESSORS in your QSF to an appropriate value for best performance.
Info (20030): Parallel compilation is enabled and will use 4 of the 4 processors detected
Info (12021): Found 1 design units, including 1 entities, in source file top.sv
    Info (12023): Found entity 1: Top File: C:/Users/levia/Documents/8bitCPU/HDL/Top.sv Line: 1
Info (12021): Found 1 design units, including 1 entities, in source file tb.sv
    Info (12023): Found entity 1: tb File: C:/Users/levia/Documents/8bitCPU/HDL/tb.sv Line: 1
Info (12021): Found 1 design units, including 1 entities, in source file uart.sv
    Info (12023): Found entity 1: UART File: C:/Users/levia/Documents/8bitCPU/HDL/UART.sv Line: 1
Info (12021): Found 1 design units, including 1 entities, in source file hex.sv
    Info (12023): Found entity 1: hex File: C:/Users/levia/Documents/8bitCPU/HDL/hex.sv Line: 1
Info (12021): Found 1 design units, including 1 entities, in source file timer.sv
    Info (12023): Found entity 1: timer File: C:/Users/levia/Documents/8bitCPU/HDL/timer.sv Line: 1
Info (12127): Elaborating entity "Top" for the top level hierarchy
Warning (10850): Verilog HDL warning at Top.sv(24): number of words (8) in memory file does not match the number of elements in the address range [0:1023] File: C:/Users/levia/Documents/8bitCPU/HDL/Top.sv Line: 24
Warning (10230): Verilog HDL assignment warning at Top.sv(81): truncated value with size 32 to match size of target (16) File: C:/Users/levia/Documents/8bitCPU/HDL/Top.sv Line: 81
Warning (10230): Verilog HDL assignment warning at Top.sv(87): truncated value with size 32 to match size of target (16) File: C:/Users/levia/Documents/8bitCPU/HDL/Top.sv Line: 87
Warning (10230): Verilog HDL assignment warning at Top.sv(91): truncated value with size 32 to match size of target (16) File: C:/Users/levia/Documents/8bitCPU/HDL/Top.sv Line: 91
Warning (10230): Verilog HDL assignment warning at Top.sv(95): truncated value with size 32 to match size of target (16) File: C:/Users/levia/Documents/8bitCPU/HDL/Top.sv Line: 95
Warning (10230): Verilog HDL assignment warning at Top.sv(99): truncated value with size 32 to match size of target (16) File: C:/Users/levia/Documents/8bitCPU/HDL/Top.sv Line: 99
Warning (10230): Verilog HDL assignment warning at Top.sv(133): truncated value with size 32 to match size of target (16) File: C:/Users/levia/Documents/8bitCPU/HDL/Top.sv Line: 133
Warning (10230): Verilog HDL assignment warning at Top.sv(139): truncated value with size 32 to match size of target (16) File: C:/Users/levia/Documents/8bitCPU/HDL/Top.sv Line: 139
Warning (10272): Verilog HDL Case Statement warning at Top.sv(127): case item expression covers a value already covered by a previous case item File: C:/Users/levia/Documents/8bitCPU/HDL/Top.sv Line: 127
Warning (10230): Verilog HDL assignment warning at Top.sv(196): truncated value with size 32 to match size of target (16) File: C:/Users/levia/Documents/8bitCPU/HDL/Top.sv Line: 196
Warning (10230): Verilog HDL assignment warning at Top.sv(199): truncated value with size 32 to match size of target (16) File: C:/Users/levia/Documents/8bitCPU/HDL/Top.sv Line: 199
Warning (10230): Verilog HDL assignment warning at Top.sv(220): truncated value with size 32 to match size of target (16) File: C:/Users/levia/Documents/8bitCPU/HDL/Top.sv Line: 220
Warning (10230): Verilog HDL assignment warning at Top.sv(222): truncated value with size 32 to match size of target (16) File: C:/Users/levia/Documents/8bitCPU/HDL/Top.sv Line: 222
Warning (10230): Verilog HDL assignment warning at Top.sv(224): truncated value with size 72 to match size of target (16) File: C:/Users/levia/Documents/8bitCPU/HDL/Top.sv Line: 224
Warning (10230): Verilog HDL assignment warning at Top.sv(225): truncated value with size 32 to match size of target (16) File: C:/Users/levia/Documents/8bitCPU/HDL/Top.sv Line: 225
Warning (10230): Verilog HDL assignment warning at Top.sv(228): truncated value with size 32 to match size of target (16) File: C:/Users/levia/Documents/8bitCPU/HDL/Top.sv Line: 228
Warning (10230): Verilog HDL assignment warning at Top.sv(230): truncated value with size 72 to match size of target (16) File: C:/Users/levia/Documents/8bitCPU/HDL/Top.sv Line: 230
Warning (10230): Verilog HDL assignment warning at Top.sv(231): truncated value with size 32 to match size of target (16) File: C:/Users/levia/Documents/8bitCPU/HDL/Top.sv Line: 231
Warning (10230): Verilog HDL assignment warning at Top.sv(234): truncated value with size 32 to match size of target (16) File: C:/Users/levia/Documents/8bitCPU/HDL/Top.sv Line: 234
Warning (10230): Verilog HDL assignment warning at Top.sv(236): truncated value with size 32 to match size of target (16) File: C:/Users/levia/Documents/8bitCPU/HDL/Top.sv Line: 236
Warning (10230): Verilog HDL assignment warning at Top.sv(246): truncated value with size 32 to match size of target (8) File: C:/Users/levia/Documents/8bitCPU/HDL/Top.sv Line: 246
Warning (10230): Verilog HDL assignment warning at Top.sv(248): truncated value with size 32 to match size of target (8) File: C:/Users/levia/Documents/8bitCPU/HDL/Top.sv Line: 248
Warning (10230): Verilog HDL assignment warning at Top.sv(292): truncated value with size 32 to match size of target (16) File: C:/Users/levia/Documents/8bitCPU/HDL/Top.sv Line: 292
Warning (10230): Verilog HDL assignment warning at Top.sv(294): truncated value with size 32 to match size of target (16) File: C:/Users/levia/Documents/8bitCPU/HDL/Top.sv Line: 294
Warning (10230): Verilog HDL assignment warning at Top.sv(297): truncated value with size 32 to match size of target (16) File: C:/Users/levia/Documents/8bitCPU/HDL/Top.sv Line: 297
Warning (10230): Verilog HDL assignment warning at Top.sv(299): truncated value with size 32 to match size of target (16) File: C:/Users/levia/Documents/8bitCPU/HDL/Top.sv Line: 299
Warning (10230): Verilog HDL assignment warning at Top.sv(301): truncated value with size 32 to match size of target (16) File: C:/Users/levia/Documents/8bitCPU/HDL/Top.sv Line: 301
Warning (10230): Verilog HDL assignment warning at Top.sv(303): truncated value with size 32 to match size of target (16) File: C:/Users/levia/Documents/8bitCPU/HDL/Top.sv Line: 303
Warning (10230): Verilog HDL assignment warning at Top.sv(325): truncated value with size 32 to match size of target (16) File: C:/Users/levia/Documents/8bitCPU/HDL/Top.sv Line: 325
Warning (10230): Verilog HDL assignment warning at Top.sv(341): truncated value with size 32 to match size of target (2) File: C:/Users/levia/Documents/8bitCPU/HDL/Top.sv Line: 341
Warning (127007): Memory Initialization File or Hexadecimal (Intel-Format) File "C:/Users/levia/Documents/8bitCPU/HDL/db/8bitCPU.ram0_Top_16614.hdl.mif" contains "don't care" values -- overwriting them with 0s
Info (276014): Found 1 instances of uninferred RAM logic
    Info (276013): RAM logic "RAM" is uninferred because MIF is not supported for the selected family File: C:/Users/levia/Documents/8bitCPU/HDL/Top.sv Line: 21
Warning (127007): Memory Initialization File or Hexadecimal (Intel-Format) File "C:/Users/levia/Documents/8bitCPU/HDL/db/8bitCPU.ram0_Top_16614.hdl.mif" contains "don't care" values -- overwriting them with 0s
Info (286030): Timing-Driven Synthesis is running
Info (144001): Generated suppressed messages file C:/Users/levia/Documents/8bitCPU/HDL/output_files/8bitCPU.map.smsg
Info (16010): Generating hard_block partition "hard_block:auto_generated_inst"
    Info (16011): Adding 0 node(s), including 0 DDIO, 0 PLL, 0 transceiver and 0 LCELL
Info (21057): Implemented 16023 device resources after synthesis - the final resource count might be different
    Info (21058): Implemented 9 input pins
    Info (21059): Implemented 8 output pins
    Info (21061): Implemented 16006 logic cells
Info: Quartus Prime Analysis & Synthesis was successful. 0 errors, 33 warnings
    Info: Peak virtual memory: 4884 megabytes
    Info: Processing ended: Sun Jan 25 19:23:10 2026
    Info: Elapsed time: 00:00:35
    Info: Total CPU time (on all processors): 00:00:47


+------------------------------------------+
; Analysis & Synthesis Suppressed Messages ;
+------------------------------------------+
The suppressed messages can be found in C:/Users/levia/Documents/8bitCPU/HDL/output_files/8bitCPU.map.smsg.


