------------------------------------------------------------
Timing Analyzer Summary
------------------------------------------------------------

Type  : Slow 1200mV 85C Model Setup 'MAX10_CLK1_50'
Slack : -10.408
TNS   : -66780.670

Type  : Slow 1200mV 85C Model Hold 'MAX10_CLK1_50'
Slack : 0.326
TNS   : 0.000

Type  : Slow 1200mV 85C Model Minimum Pulse Width 'MAX10_CLK1_50'
Slack : -3.000
TNS   : -10192.036

Type  : Slow 1200mV 0C Model Setup 'MAX10_CLK1_50'
Slack : -9.358
TNS   : -59976.409

Type  : Slow 1200mV 0C Model Hold 'MAX10_CLK1_50'
Slack : 0.296
TNS   : 0.000

Type  : Slow 1200mV 0C Model Minimum Pulse Width 'MAX10_CLK1_50'
Slack : -3.000
TNS   : -10192.036

Type  : Fast 1200mV 0C Model Setup 'MAX10_CLK1_50'
Slack : -4.698
TNS   : -28183.837

Type  : Fast 1200mV 0C Model Hold 'MAX10_CLK1_50'
Slack : 0.149
TNS   : 0.000

Type  : Fast 1200mV 0C Model Minimum Pulse Width 'MAX10_CLK1_50'
Slack : -3.000
TNS   : -9777.290

------------------------------------------------------------
